---
source: crates/polydup-cli/tests/snapshot_tests.rs
expression: stdout
---
╔═══════════════════════════════════════════════════════════════╗
║                          Scan Results                           ║
╠═══════════════════════════════════════════════════════════════╣
║ Files scanned:                                               2 ║
║ Functions analyzed:                                          0 ║
║ Duplicates found:                                            0 ║
╚═══════════════════════════════════════════════════════════════╝

✓ No duplicates found!

Tip: Enable Type-3 detection to find similar code with structural differences:
  polydup scan . --enable-type3
